*** Using Compiler 'V5.06 update 7 (build 960)', folder: 'D:\keil5-32\ARM\ARMCC\Bin'
Build target '02_freertos_task_sched'
assembling startup_stm32f103xe.s...
compiling gpio.c...
compiling stm32f1xx_it.c...
compiling stm32f1xx_hal_rcc_ex.c...
compiling stm32f1xx_hal_gpio_ex.c...
compiling stm32f1xx_hal_dma.c...
compiling stm32f1xx_hal_msp.c...
compiling stm32f1xx_hal.c...
compiling stm32f1xx_hal_tim_ex.c...
compiling croutine.c...
compiling stm32f1xx_hal_timebase_tim.c...
compiling usart.c...
compiling event_groups.c...
compiling freertos.c...
compiling list.c...
compiling queue.c...
compiling stream_buffer.c...
compiling stm32f1xx_hal_gpio.c...
compiling main.c...
compiling timers.c...
compiling tasks.c...
compiling heap_4.c...
compiling port.c...
compiling stm32f1xx_hal_cortex.c...
compiling stm32f1xx_hal_flash.c...
compiling stm32f1xx_hal_flash_ex.c...
compiling stm32f1xx_hal_pwr.c...
compiling system_stm32f1xx.c...
compiling stm32f1xx_hal_exti.c...
compiling stm32f1xx_hal_rcc.c...
compiling stm32f1xx_hal_tim.c...
compiling stm32f1xx_hal_uart.c...
compiling cmsis_os2.c...
linking...
Program Size: Code=11812 RO-data=428 RW-data=152 ZI-data=14696  
FromELF: creating hex file...
"02_freertos_task_sched\02_freertos_task_sched.axf" - 0 Error(s), 0 Warning(s).
Build Time Elapsed:  00:00:06
